C51 COMPILER V9.60.7.0   LAB4_3                                                            01/05/2024 02:47:36 PAGE 1   


C51 COMPILER V9.60.7.0, COMPILATION OF MODULE LAB4_3
OBJECT MODULE PLACED IN .\Objects\lab4_3.obj
COMPILER INVOKED BY: D:\Keil_v5\C51\BIN\C51.EXE lab4_3.c OPTIMIZE(8,SPEED) BROWSE DEBUG OBJECTEXTEND PRINT(.\Listings\la
                    -b4_3.lst) TABS(2) OBJECT(.\Objects\lab4_3.obj)

line level    source

   1          #include<reg52.h> // ดึง library เพื่อใช้ควบคุม 8051
   2          #include<stdio.h> // ดึง library เพื่อใช้ส่งข้อความผ่าน 
             -serial port
   3          
   4          sfr CKCON = 0x8F; // กำหนดตัวแปรชื่อ CKCON เพื่อใช้ปรั
             -บความถี่ clock
   5          sbit LED0 = P2^0; // ประกาศตัวแปร sw0 เท่ากับ port p0.0
   6          sbit LED1 = P2^1; // ประกาศตัวแปร sw0 เท่ากับ port p0.0
   7          char uart_data; // ประกาศตัวแปรชื่อ uart_data
   8          
   9          void delay(unsigned long); // ประกาศ prototype function
  10          
  11          void main(){ // ฟังก์ชันหลัก
  12   1        CKCON = 0x01; // ตั้งค่าความถี่ clock ให้มีค่ามากกว
             -่าปกติ 2 เท่า (58.9824)
  13   1        
  14   1        /*Initial MCS51 Serial Port */
  15   1        // (1) Reset old Timer1 Mode Config
  16   1        // (2) Update Timer1 = 8 Bit Auto Reload
  17   1        // (3) Serial Port Mode 1 (N,8,1)
  18   1        // (4) Disable Serial Interrupt
  19   1        // (5) Disable Timer1 Interrupt
  20   1        // (6) SMOD1 = 0 (Disable Double Baudrate)
  21   1        // (7) Setup Timer1 Baudrate
  22   1        // (8) 9600BPS / 58.9824 MHz
  23   1        // (9) Start Timer1 Generate Baudrate
  24   1        // (10) Set TI to send First char of UART
  25   1        
  26   1        TMOD &= 0x0F;
  27   1        TMOD |= 0x20;
  28   1        SCON = 0x50;
  29   1        ES = 0;
  30   1        ET1 = 0;
  31   1        PCON &= 0x7F;
  32   1        TH1 = 0xF0;
  33   1        TL1 = 0xF0;
  34   1        TR1 = 1;
  35   1        TI = 1;
  36   1        
  37   1        P2 = 0x00; // เซ็ต port P2 ให้เท่ากับ 0 ทุกบิต
  38   1        
  39   1        while (1){ // infinite loop
  40   2          uart_data = _getkey(); // รับ input จาก serial port
  41   2          if (uart_data == 'A'){ // ถ้า uart_data == 'A'
  42   3            LED0 = 1; // เซ็ตให้ LED0 เปิด
  43   3          }
  44   2          else if (uart_data == 'B'){ // ถ้า uart_data == 'B'
  45   3            LED0 = 0; // เซ็ตให้ LED0 ปิด
  46   3          }
  47   2          else if (uart_data == 'C'){ // ถ้า uart_data == 'C'
  48   3            LED1 = 1; // เซ็ตให้ LED1 เปิด
  49   3          }
  50   2          else if (uart_data == 'D'){ // ถ้า uart_data == 'D'
  51   3            LED1 = 0; // เซ็ตให้ LED1 ปิด
C51 COMPILER V9.60.7.0   LAB4_3                                                            01/05/2024 02:47:36 PAGE 2   

  52   3          }
  53   2        }
  54   1      }
  55          
  56          void delay(unsigned long i){ // ฟังก์ชัน delay
  57   1        while (i>0){ // วนลูปจนกว่าค่า i จะเท่ากับ 0
  58   2          i--; // ลดค่า i ลง 1
  59   2        }
  60   1        return ; // ไม่ return ค่าอะไรกลับไป
  61   1      }


MODULE INFORMATION:   STATIC OVERLAYABLE
   CODE SIZE        =    127    ----
   CONSTANT SIZE    =   ----    ----
   XDATA SIZE       =   ----    ----
   PDATA SIZE       =   ----    ----
   DATA SIZE        =      1       4
   IDATA SIZE       =   ----    ----
   BIT SIZE         =   ----    ----
END OF MODULE INFORMATION.


C51 COMPILATION COMPLETE.  0 WARNING(S),  0 ERROR(S)
